
*****************************************
Setting OMP_NUM_THREADS environment variable for each process to be 1 in default, to avoid your system being overloaded, please further tune the variable for optimal performance in your application as needed. 
*****************************************
[W1003 08:51:30.898153232 socket.cpp:207] [c10d] The hostname of the client socket cannot be retrieved. err=-3
[W1003 08:51:33.111092441 socket.cpp:207] [c10d] The hostname of the client socket cannot be retrieved. err=-3
[W1003 08:51:33.113901137 socket.cpp:207] [c10d] The hostname of the client socket cannot be retrieved. err=-3
W1003 08:52:10.673000 615 torch/distributed/elastic/multiprocessing/api.py:1010] Sending process 623 closing signal SIGTERM
E1003 08:52:10.970000 615 torch/distributed/elastic/multiprocessing/api.py:984] failed (exitcode: -9) local_rank: 1 (pid: 624) of binary: /usr/bin/python3
Traceback (most recent call last):
  File "<frozen runpy>", line 198, in _run_module_as_main
  File "<frozen runpy>", line 88, in _run_code
  File "/usr/local/lib/python3.12/dist-packages/torch/distributed/run.py", line 995, in <module>
    main()
  File "/usr/local/lib/python3.12/dist-packages/torch/distributed/elastic/multiprocessing/errors/__init__.py", line 362, in wrapper
    return f(*args, **kwargs)
           ^^^^^^^^^^^^^^^^^^
  File "/usr/local/lib/python3.12/dist-packages/torch/distributed/run.py", line 991, in main
    run(args)
  File "/usr/local/lib/python3.12/dist-packages/torch/distributed/run.py", line 982, in run
    elastic_launch(
  File "/usr/local/lib/python3.12/dist-packages/torch/distributed/launcher/api.py", line 170, in __call__
    return launch_agent(self._config, self._entrypoint, list(args))
           ^^^^^^^^^^^^^^^^^^^^^^^^^^^^^^^^^^^^^^^^^^^^^^^^^^^^^^^^
  File "/usr/local/lib/python3.12/dist-packages/torch/distributed/launcher/api.py", line 317, in launch_agent
    raise ChildFailedError(
torch.distributed.elastic.multiprocessing.errors.ChildFailedError: 
============================================================
/kaggle/working/minitrain/scripts/oom_boundary_worker.py FAILED
------------------------------------------------------------
Failures:
[1]:
  time      : 2026-10-03_08:52:10
  host      : 9536f56d325c
  rank      : 0 (local_rank: 0)
  exitcode  : -9 (pid: 623)
  error_file: <N/A>
  traceback : Signal 9 (SIGKILL) received by PID 623
------------------------------------------------------------
Root Cause (first observed failure):
[0]:
  time      : 2026-10-03_08:52:10
  host      : 9536f56d325c
  rank      : 1 (local_rank: 1)
  exitcode  : -9 (pid: 624)
  error_file: <N/A>
  traceback : Signal 9 (SIGKILL) received by PID 624
============================================================
