
*****************************************
Setting OMP_NUM_THREADS environment variable for each process to be 1 in default, to avoid your system being overloaded, please further tune the variable for optimal performance in your application as needed. 
*****************************************
[W1006 02:39:08.859074209 socket.cpp:207] [c10d] The hostname of the client socket cannot be retrieved. err=-3
[W1006 02:39:10.368913008 socket.cpp:207] [c10d] The hostname of the client socket cannot be retrieved. err=-3
[W1006 02:39:10.422694990 socket.cpp:207] [c10d] The hostname of the client socket cannot be retrieved. err=-3
strategy=full_tp step=0 loss=10.520025 step_time=0.516231s tokens_per_second=495.90
strategy=full_tp step=1 loss=10.490864 step_time=0.518273s tokens_per_second=493.95
strategy=full_tp step=2 loss=10.535116 step_time=0.519555s tokens_per_second=492.73
strategy=full_tp step=3 loss=10.494333 step_time=0.515121s tokens_per_second=496.97
strategy=full_tp step=4 loss=10.526643 step_time=0.518468s tokens_per_second=493.76
strategy=full_tp step=5 loss=10.463991 step_time=0.518746s tokens_per_second=493.50
strategy=full_tp step=6 loss=10.476889 step_time=0.497641s tokens_per_second=514.43
strategy=full_tp step=7 loss=10.492552 step_time=0.523924s tokens_per_second=488.62
strategy=full_tp step=8 loss=10.570333 step_time=0.515561s tokens_per_second=496.55
strategy=full_tp step=9 loss=10.573683 step_time=0.522079s tokens_per_second=490.35
strategy=full_tp step=10 loss=10.639940 step_time=0.517534s tokens_per_second=494.65
strategy=full_tp step=11 loss=10.698175 step_time=0.525090s tokens_per_second=487.54
strategy=full_tp step=12 loss=10.625918 step_time=0.525249s tokens_per_second=487.39
strategy=full_tp step=13 loss=10.591276 step_time=0.523242s tokens_per_second=489.26
strategy=full_tp step=14 loss=10.465054 step_time=0.525084s tokens_per_second=487.54
strategy=full_tp step=15 loss=10.502754 step_time=0.531837s tokens_per_second=481.35
strategy=full_tp step=16 loss=10.525271 step_time=0.522417s tokens_per_second=490.03
strategy=full_tp step=17 loss=10.468616 step_time=0.524663s tokens_per_second=487.93
strategy=full_tp step=18 loss=10.479361 step_time=0.503426s tokens_per_second=508.52
strategy=full_tp step=19 loss=10.554451 step_time=0.522125s tokens_per_second=490.30
metrics_csv=/kaggle/working/minitrain/results/raw/kaggle_fsdp2_vs_full_tp/throughput/full_tp.csv
/usr/local/lib/python3.12/dist-packages/torch/distributed/c10d_logger.py:83: UserWarning: barrier(): using the device under current context. You can specify `device_id` in `init_process_group` to mute this warning.
  return func(*args, **kwargs)
