
*****************************************
Setting OMP_NUM_THREADS environment variable for each process to be 1 in default, to avoid your system being overloaded, please further tune the variable for optimal performance in your application as needed. 
*****************************************
[W1005 12:58:32.409969740 socket.cpp:207] [c10d] The hostname of the client socket cannot be retrieved. err=-3
[W1005 12:58:34.079593370 socket.cpp:207] [c10d] The hostname of the client socket cannot be retrieved. err=-3
[W1005 12:58:34.109283359 socket.cpp:207] [c10d] The hostname of the client socket cannot be retrieved. err=-3
strategy=fsdp2 step=0 loss=10.577725 step_time=1.526510s tokens_per_second=167.70
strategy=fsdp2 step=1 loss=10.503922 step_time=1.566000s tokens_per_second=163.47
strategy=fsdp2 step=2 loss=10.533283 step_time=1.606109s tokens_per_second=159.39
strategy=fsdp2 step=3 loss=10.607697 step_time=1.555823s tokens_per_second=164.54
strategy=fsdp2 step=4 loss=10.627285 step_time=1.528898s tokens_per_second=167.44
strategy=fsdp2 step=5 loss=10.592117 step_time=1.668453s tokens_per_second=153.44
strategy=fsdp2 step=6 loss=10.593374 step_time=1.528067s tokens_per_second=167.53
strategy=fsdp2 step=7 loss=10.500085 step_time=1.529631s tokens_per_second=167.36
strategy=fsdp2 step=8 loss=10.572685 step_time=1.523282s tokens_per_second=168.06
strategy=fsdp2 step=9 loss=10.422564 step_time=1.526478s tokens_per_second=167.71
strategy=fsdp2 step=10 loss=10.525671 step_time=1.524331s tokens_per_second=167.94
strategy=fsdp2 step=11 loss=10.559658 step_time=1.530533s tokens_per_second=167.26
strategy=fsdp2 step=12 loss=10.596414 step_time=1.525992s tokens_per_second=167.76
strategy=fsdp2 step=13 loss=10.638184 step_time=1.538662s tokens_per_second=166.38
strategy=fsdp2 step=14 loss=10.721571 step_time=1.555827s tokens_per_second=164.54
strategy=fsdp2 step=15 loss=10.782181 step_time=1.577230s tokens_per_second=162.31
strategy=fsdp2 step=16 loss=10.855608 step_time=1.532647s tokens_per_second=167.03
strategy=fsdp2 step=17 loss=11.038312 step_time=1.528717s tokens_per_second=167.46
strategy=fsdp2 step=18 loss=10.822344 step_time=1.522427s tokens_per_second=168.15
strategy=fsdp2 step=19 loss=10.705031 step_time=1.606847s tokens_per_second=159.32
metrics_csv=/kaggle/working/minitrain/results/raw/kaggle_fsdp2_vs_tp/throughput/fsdp2.csv
/usr/local/lib/python3.12/dist-packages/torch/distributed/c10d_logger.py:83: UserWarning: barrier(): using the device under current context. You can specify `device_id` in `init_process_group` to mute this warning.
  return func(*args, **kwargs)
