
*****************************************
Setting OMP_NUM_THREADS environment variable for each process to be 1 in default, to avoid your system being overloaded, please further tune the variable for optimal performance in your application as needed. 
*****************************************
[W1005 12:59:30.277335188 socket.cpp:207] [c10d] The hostname of the client socket cannot be retrieved. err=-3
[W1005 12:59:32.799570243 socket.cpp:207] [c10d] The hostname of the client socket cannot be retrieved. err=-3
[W1005 12:59:32.000945669 socket.cpp:207] [c10d] The hostname of the client socket cannot be retrieved. err=-3
strategy=tp step=0 loss=10.520024 step_time=0.511623s tokens_per_second=500.37
strategy=tp step=1 loss=10.490864 step_time=0.512776s tokens_per_second=499.24
strategy=tp step=2 loss=10.535116 step_time=0.512170s tokens_per_second=499.83
strategy=tp step=3 loss=10.494334 step_time=0.512894s tokens_per_second=499.13
strategy=tp step=4 loss=10.526643 step_time=0.513470s tokens_per_second=498.57
strategy=tp step=5 loss=10.463991 step_time=0.509596s tokens_per_second=502.36
strategy=tp step=6 loss=10.476889 step_time=0.513640s tokens_per_second=498.40
strategy=tp step=7 loss=10.492552 step_time=0.510063s tokens_per_second=501.90
strategy=tp step=8 loss=10.570333 step_time=0.512009s tokens_per_second=499.99
strategy=tp step=9 loss=10.573682 step_time=0.513996s tokens_per_second=498.06
strategy=tp step=10 loss=10.639939 step_time=0.517685s tokens_per_second=494.51
strategy=tp step=11 loss=10.698175 step_time=0.511390s tokens_per_second=500.60
strategy=tp step=12 loss=10.625918 step_time=0.509629s tokens_per_second=502.33
strategy=tp step=13 loss=10.591277 step_time=0.513731s tokens_per_second=498.32
strategy=tp step=14 loss=10.465054 step_time=0.511912s tokens_per_second=500.09
strategy=tp step=15 loss=10.502754 step_time=0.511862s tokens_per_second=500.13
strategy=tp step=16 loss=10.525270 step_time=0.512581s tokens_per_second=499.43
strategy=tp step=17 loss=10.468616 step_time=0.516881s tokens_per_second=495.28
strategy=tp step=18 loss=10.479361 step_time=0.513351s tokens_per_second=498.68
strategy=tp step=19 loss=10.554451 step_time=0.516452s tokens_per_second=495.69
metrics_csv=/kaggle/working/minitrain/results/raw/kaggle_fsdp2_vs_tp/throughput/tp.csv
/usr/local/lib/python3.12/dist-packages/torch/distributed/c10d_logger.py:83: UserWarning: barrier(): using the device under current context. You can specify `device_id` in `init_process_group` to mute this warning.
  return func(*args, **kwargs)
